Archive member included to satisfy reference by file (symbol)

c:/program files (x86)/atmel/studio/7.0/toolchain/avr8/avr8-gnu-toolchain/bin/../lib/gcc/avr/5.4.0/avrxmega6\libgcc.a(_exit.o)
                              C:/Program Files (x86)/Atmel/Studio/7.0/Packs/atmel/XMEGAA_DFP/1.1.68/gcc/dev/atxmega256a3bu/avrxmega6/crtatxmega256a3bu.o (exit)
c:/program files (x86)/atmel/studio/7.0/toolchain/avr8/avr8-gnu-toolchain/bin/../lib/gcc/avr/5.4.0/avrxmega6\libgcc.a(_copy_data.o)
                              src/main.o (__do_copy_data)

Discarded input sections

 .data          0x00000000        0x0 C:/Program Files (x86)/Atmel/Studio/7.0/Packs/atmel/XMEGAA_DFP/1.1.68/gcc/dev/atxmega256a3bu/avrxmega6/crtatxmega256a3bu.o
 .bss           0x00000000        0x0 C:/Program Files (x86)/Atmel/Studio/7.0/Packs/atmel/XMEGAA_DFP/1.1.68/gcc/dev/atxmega256a3bu/avrxmega6/crtatxmega256a3bu.o
 .group         0x00000000        0x8 src/ASF/common/services/ioport/xmega/ioport_compat.o
 .group         0x00000000        0x8 src/ASF/common/services/ioport/xmega/ioport_compat.o
 .group         0x00000000        0x8 src/ASF/common/services/ioport/xmega/ioport_compat.o
 .group         0x00000000        0x8 src/ASF/common/services/ioport/xmega/ioport_compat.o
 .group         0x00000000        0x8 src/ASF/common/services/ioport/xmega/ioport_compat.o
 .group         0x00000000        0x8 src/ASF/common/services/ioport/xmega/ioport_compat.o
 .group         0x00000000        0x8 src/ASF/common/services/ioport/xmega/ioport_compat.o
 .group         0x00000000        0x8 src/ASF/common/services/ioport/xmega/ioport_compat.o
 .group         0x00000000        0x8 src/ASF/common/services/ioport/xmega/ioport_compat.o
 .group         0x00000000        0x8 src/ASF/common/services/ioport/xmega/ioport_compat.o
 .group         0x00000000        0x8 src/ASF/common/services/ioport/xmega/ioport_compat.o
 .group         0x00000000        0x8 src/ASF/common/services/ioport/xmega/ioport_compat.o
 .group         0x00000000        0x8 src/ASF/common/services/ioport/xmega/ioport_compat.o
 .group         0x00000000        0x8 src/ASF/common/services/ioport/xmega/ioport_compat.o
 .group         0x00000000        0x8 src/ASF/common/services/ioport/xmega/ioport_compat.o
 .group         0x00000000        0x8 src/ASF/common/services/ioport/xmega/ioport_compat.o
 .group         0x00000000        0x8 src/ASF/common/services/ioport/xmega/ioport_compat.o
 .group         0x00000000        0x8 src/ASF/common/services/ioport/xmega/ioport_compat.o
 .group         0x00000000        0x8 src/ASF/common/services/ioport/xmega/ioport_compat.o
 .group         0x00000000        0x8 src/ASF/common/services/ioport/xmega/ioport_compat.o
 .group         0x00000000        0x8 src/ASF/common/services/ioport/xmega/ioport_compat.o
 .group         0x00000000        0x8 src/ASF/common/services/ioport/xmega/ioport_compat.o
 .group         0x00000000        0x8 src/ASF/common/services/ioport/xmega/ioport_compat.o
 .group         0x00000000        0x8 src/ASF/common/services/ioport/xmega/ioport_compat.o
 .group         0x00000000        0x8 src/ASF/common/services/ioport/xmega/ioport_compat.o
 .group         0x00000000        0x8 src/ASF/common/services/ioport/xmega/ioport_compat.o
 .group         0x00000000        0x8 src/ASF/common/services/ioport/xmega/ioport_compat.o
 .group         0x00000000        0x8 src/ASF/common/services/ioport/xmega/ioport_compat.o
 .group         0x00000000        0x8 src/ASF/common/services/ioport/xmega/ioport_compat.o
 .group         0x00000000        0x8 src/ASF/common/services/ioport/xmega/ioport_compat.o
 .group         0x00000000        0x8 src/ASF/common/services/ioport/xmega/ioport_compat.o
 .group         0x00000000        0x8 src/ASF/common/services/ioport/xmega/ioport_compat.o
 .group         0x00000000        0x8 src/ASF/common/services/ioport/xmega/ioport_compat.o
 .text          0x00000000        0x0 src/ASF/common/services/ioport/xmega/ioport_compat.o
 .data          0x00000000        0x0 src/ASF/common/services/ioport/xmega/ioport_compat.o
 .bss           0x00000000        0x0 src/ASF/common/services/ioport/xmega/ioport_compat.o
 .text.ioport_configure_port_pin
                0x00000000       0x4e src/ASF/common/services/ioport/xmega/ioport_compat.o
 .debug_info    0x00000000      0x121 src/ASF/common/services/ioport/xmega/ioport_compat.o
 .debug_abbrev  0x00000000       0x95 src/ASF/common/services/ioport/xmega/ioport_compat.o
 .debug_loc     0x00000000       0x66 src/ASF/common/services/ioport/xmega/ioport_compat.o
 .debug_aranges
                0x00000000       0x20 src/ASF/common/services/ioport/xmega/ioport_compat.o
 .debug_ranges  0x00000000       0x10 src/ASF/common/services/ioport/xmega/ioport_compat.o
 .debug_macro   0x00000000      0x193 src/ASF/common/services/ioport/xmega/ioport_compat.o
 .debug_macro   0x00000000      0xa96 src/ASF/common/services/ioport/xmega/ioport_compat.o
 .debug_macro   0x00000000      0x708 src/ASF/common/services/ioport/xmega/ioport_compat.o
 .debug_macro   0x00000000       0x10 src/ASF/common/services/ioport/xmega/ioport_compat.o
 .debug_macro   0x00000000      0x1c9 src/ASF/common/services/ioport/xmega/ioport_compat.o
 .debug_macro   0x00000000      0x2fc src/ASF/common/services/ioport/xmega/ioport_compat.o
 .debug_macro   0x00000000       0x9e src/ASF/common/services/ioport/xmega/ioport_compat.o
 .debug_macro   0x00000000     0x6271 src/ASF/common/services/ioport/xmega/ioport_compat.o
 .debug_macro   0x00000000       0x9a src/ASF/common/services/ioport/xmega/ioport_compat.o
 .debug_macro   0x00000000       0xf1 src/ASF/common/services/ioport/xmega/ioport_compat.o
 .debug_macro   0x00000000       0x34 src/ASF/common/services/ioport/xmega/ioport_compat.o
 .debug_macro   0x00000000       0x16 src/ASF/common/services/ioport/xmega/ioport_compat.o
 .debug_macro   0x00000000       0x18 src/ASF/common/services/ioport/xmega/ioport_compat.o
 .debug_macro   0x00000000       0x5e src/ASF/common/services/ioport/xmega/ioport_compat.o
 .debug_macro   0x00000000       0x10 src/ASF/common/services/ioport/xmega/ioport_compat.o
 .debug_macro   0x00000000       0x22 src/ASF/common/services/ioport/xmega/ioport_compat.o
 .debug_macro   0x00000000      0x16d src/ASF/common/services/ioport/xmega/ioport_compat.o
 .debug_macro   0x00000000       0x1c src/ASF/common/services/ioport/xmega/ioport_compat.o
 .debug_macro   0x00000000       0x35 src/ASF/common/services/ioport/xmega/ioport_compat.o
 .debug_macro   0x00000000       0x66 src/ASF/common/services/ioport/xmega/ioport_compat.o
 .debug_macro   0x00000000       0x96 src/ASF/common/services/ioport/xmega/ioport_compat.o
 .debug_macro   0x00000000       0x17 src/ASF/common/services/ioport/xmega/ioport_compat.o
 .debug_macro   0x00000000      0x250 src/ASF/common/services/ioport/xmega/ioport_compat.o
 .debug_macro   0x00000000       0x76 src/ASF/common/services/ioport/xmega/ioport_compat.o
 .debug_macro   0x00000000       0x16 src/ASF/common/services/ioport/xmega/ioport_compat.o
 .debug_macro   0x00000000      0x6d9 src/ASF/common/services/ioport/xmega/ioport_compat.o
 .debug_macro   0x00000000       0x10 src/ASF/common/services/ioport/xmega/ioport_compat.o
 .debug_macro   0x00000000      0x175 src/ASF/common/services/ioport/xmega/ioport_compat.o
 .debug_macro   0x00000000       0x40 src/ASF/common/services/ioport/xmega/ioport_compat.o
 .debug_macro   0x00000000       0x69 src/ASF/common/services/ioport/xmega/ioport_compat.o
 .debug_macro   0x00000000       0x31 src/ASF/common/services/ioport/xmega/ioport_compat.o
 .debug_macro   0x00000000       0xe4 src/ASF/common/services/ioport/xmega/ioport_compat.o
 .debug_macro   0x00000000       0x82 src/ASF/common/services/ioport/xmega/ioport_compat.o
 .debug_macro   0x00000000      0x102 src/ASF/common/services/ioport/xmega/ioport_compat.o
 .debug_line    0x00000000      0x4b4 src/ASF/common/services/ioport/xmega/ioport_compat.o
 .debug_str     0x00000000    0x2993a src/ASF/common/services/ioport/xmega/ioport_compat.o
 .comment       0x00000000       0x31 src/ASF/common/services/ioport/xmega/ioport_compat.o
 .debug_frame   0x00000000       0x30 src/ASF/common/services/ioport/xmega/ioport_compat.o
 .group         0x00000000        0x8 src/ASF/xmega/boards/xmega_a3bu_xplained/init.o
 .group         0x00000000        0x8 src/ASF/xmega/boards/xmega_a3bu_xplained/init.o
 .group         0x00000000        0x8 src/ASF/xmega/boards/xmega_a3bu_xplained/init.o
 .group         0x00000000        0x8 src/ASF/xmega/boards/xmega_a3bu_xplained/init.o
 .group         0x00000000        0x8 src/ASF/xmega/boards/xmega_a3bu_xplained/init.o
 .group         0x00000000        0x8 src/ASF/xmega/boards/xmega_a3bu_xplained/init.o
 .group         0x00000000        0x8 src/ASF/xmega/boards/xmega_a3bu_xplained/init.o
 .group         0x00000000        0x8 src/ASF/xmega/boards/xmega_a3bu_xplained/init.o
 .group         0x00000000        0x8 src/ASF/xmega/boards/xmega_a3bu_xplained/init.o
 .group         0x00000000        0x8 src/ASF/xmega/boards/xmega_a3bu_xplained/init.o
 .group         0x00000000        0x8 src/ASF/xmega/boards/xmega_a3bu_xplained/init.o
 .group         0x00000000        0x8 src/ASF/xmega/boards/xmega_a3bu_xplained/init.o
 .group         0x00000000        0x8 src/ASF/xmega/boards/xmega_a3bu_xplained/init.o
 .group         0x00000000        0x8 src/ASF/xmega/boards/xmega_a3bu_xplained/init.o
 .group         0x00000000        0x8 src/ASF/xmega/boards/xmega_a3bu_xplained/init.o
 .group         0x00000000        0x8 src/ASF/xmega/boards/xmega_a3bu_xplained/init.o
 .group         0x00000000        0x8 src/ASF/xmega/boards/xmega_a3bu_xplained/init.o
 .group         0x00000000        0x8 src/ASF/xmega/boards/xmega_a3bu_xplained/init.o
 .group         0x00000000        0x8 src/ASF/xmega/boards/xmega_a3bu_xplained/init.o
 .group         0x00000000        0x8 src/ASF/xmega/boards/xmega_a3bu_xplained/init.o
 .group         0x00000000        0x8 src/ASF/xmega/boards/xmega_a3bu_xplained/init.o
 .group         0x00000000        0x8 src/ASF/xmega/boards/xmega_a3bu_xplained/init.o
 .group         0x00000000        0x8 src/ASF/xmega/boards/xmega_a3bu_xplained/init.o
 .group         0x00000000        0x8 src/ASF/xmega/boards/xmega_a3bu_xplained/init.o
 .group         0x00000000        0x8 src/ASF/xmega/boards/xmega_a3bu_xplained/init.o
 .group         0x00000000        0x8 src/ASF/xmega/boards/xmega_a3bu_xplained/init.o
 .group         0x00000000        0x8 src/ASF/xmega/boards/xmega_a3bu_xplained/init.o
 .group         0x00000000        0x8 src/ASF/xmega/boards/xmega_a3bu_xplained/init.o
 .group         0x00000000        0x8 src/ASF/xmega/boards/xmega_a3bu_xplained/init.o
 .group         0x00000000        0x8 src/ASF/xmega/boards/xmega_a3bu_xplained/init.o
 .group         0x00000000        0x8 src/ASF/xmega/boards/xmega_a3bu_xplained/init.o
 .group         0x00000000        0x8 src/ASF/xmega/boards/xmega_a3bu_xplained/init.o
 .group         0x00000000        0x8 src/ASF/xmega/boards/xmega_a3bu_xplained/init.o
 .group         0x00000000        0x8 src/ASF/xmega/boards/xmega_a3bu_xplained/init.o
 .group         0x00000000        0x8 src/ASF/xmega/boards/xmega_a3bu_xplained/init.o
 .group         0x00000000        0x8 src/ASF/xmega/boards/xmega_a3bu_xplained/init.o
 .text          0x00000000        0x0 src/ASF/xmega/boards/xmega_a3bu_xplained/init.o
 .data          0x00000000        0x0 src/ASF/xmega/boards/xmega_a3bu_xplained/init.o
 .bss           0x00000000        0x0 src/ASF/xmega/boards/xmega_a3bu_xplained/init.o
 .text.board_init
                0x00000000      0x16e src/ASF/xmega/boards/xmega_a3bu_xplained/init.o
 .debug_info    0x00000000      0xaeb src/ASF/xmega/boards/xmega_a3bu_xplained/init.o
 .debug_abbrev  0x00000000      0x14a src/ASF/xmega/boards/xmega_a3bu_xplained/init.o
 .debug_loc     0x00000000      0x3fa src/ASF/xmega/boards/xmega_a3bu_xplained/init.o
 .debug_aranges
                0x00000000       0x20 src/ASF/xmega/boards/xmega_a3bu_xplained/init.o
 .debug_ranges  0x00000000       0x10 src/ASF/xmega/boards/xmega_a3bu_xplained/init.o
 .debug_macro   0x00000000      0x1b5 src/ASF/xmega/boards/xmega_a3bu_xplained/init.o
 .debug_macro   0x00000000      0xa96 src/ASF/xmega/boards/xmega_a3bu_xplained/init.o
 .debug_macro   0x00000000       0x2e src/ASF/xmega/boards/xmega_a3bu_xplained/init.o
 .debug_macro   0x00000000       0x10 src/ASF/xmega/boards/xmega_a3bu_xplained/init.o
 .debug_macro   0x00000000      0x1c9 src/ASF/xmega/boards/xmega_a3bu_xplained/init.o
 .debug_macro   0x00000000      0x2fc src/ASF/xmega/boards/xmega_a3bu_xplained/init.o
 .debug_macro   0x00000000       0x9e src/ASF/xmega/boards/xmega_a3bu_xplained/init.o
 .debug_macro   0x00000000     0x6271 src/ASF/xmega/boards/xmega_a3bu_xplained/init.o
 .debug_macro   0x00000000       0x9a src/ASF/xmega/boards/xmega_a3bu_xplained/init.o
 .debug_macro   0x00000000       0xf1 src/ASF/xmega/boards/xmega_a3bu_xplained/init.o
 .debug_macro   0x00000000       0x34 src/ASF/xmega/boards/xmega_a3bu_xplained/init.o
 .debug_macro   0x00000000       0x16 src/ASF/xmega/boards/xmega_a3bu_xplained/init.o
 .debug_macro   0x00000000       0x18 src/ASF/xmega/boards/xmega_a3bu_xplained/init.o
 .debug_macro   0x00000000       0x5e src/ASF/xmega/boards/xmega_a3bu_xplained/init.o
 .debug_macro   0x00000000       0x10 src/ASF/xmega/boards/xmega_a3bu_xplained/init.o
 .debug_macro   0x00000000       0x22 src/ASF/xmega/boards/xmega_a3bu_xplained/init.o
 .debug_macro   0x00000000      0x16d src/ASF/xmega/boards/xmega_a3bu_xplained/init.o
 .debug_macro   0x00000000       0x1c src/ASF/xmega/boards/xmega_a3bu_xplained/init.o
 .debug_macro   0x00000000       0x35 src/ASF/xmega/boards/xmega_a3bu_xplained/init.o
 .debug_macro   0x00000000       0x66 src/ASF/xmega/boards/xmega_a3bu_xplained/init.o
 .debug_macro   0x00000000      0x708 src/ASF/xmega/boards/xmega_a3bu_xplained/init.o
 .debug_macro   0x00000000       0x96 src/ASF/xmega/boards/xmega_a3bu_xplained/init.o
 .debug_macro   0x00000000       0x17 src/ASF/xmega/boards/xmega_a3bu_xplained/init.o
 .debug_macro   0x00000000      0x250 src/ASF/xmega/boards/xmega_a3bu_xplained/init.o
 .debug_macro   0x00000000       0x76 src/ASF/xmega/boards/xmega_a3bu_xplained/init.o
 .debug_macro   0x00000000       0x16 src/ASF/xmega/boards/xmega_a3bu_xplained/init.o
 .debug_macro   0x00000000      0x6d9 src/ASF/xmega/boards/xmega_a3bu_xplained/init.o
 .debug_macro   0x00000000       0x10 src/ASF/xmega/boards/xmega_a3bu_xplained/init.o
 .debug_macro   0x00000000      0x175 src/ASF/xmega/boards/xmega_a3bu_xplained/init.o
 .debug_macro   0x00000000       0x40 src/ASF/xmega/boards/xmega_a3bu_xplained/init.o
 .debug_macro   0x00000000       0x69 src/ASF/xmega/boards/xmega_a3bu_xplained/init.o
 .debug_macro   0x00000000       0x31 src/ASF/xmega/boards/xmega_a3bu_xplained/init.o
 .debug_macro   0x00000000       0xe4 src/ASF/xmega/boards/xmega_a3bu_xplained/init.o
 .debug_macro   0x00000000      0x2d2 src/ASF/xmega/boards/xmega_a3bu_xplained/init.o
 .debug_macro   0x00000000      0x2ff src/ASF/xmega/boards/xmega_a3bu_xplained/init.o
 .debug_macro   0x00000000       0x82 src/ASF/xmega/boards/xmega_a3bu_xplained/init.o
 .debug_macro   0x00000000      0x102 src/ASF/xmega/boards/xmega_a3bu_xplained/init.o
 .debug_line    0x00000000      0x4df src/ASF/xmega/boards/xmega_a3bu_xplained/init.o
 .debug_str     0x00000000    0x2b5c9 src/ASF/xmega/boards/xmega_a3bu_xplained/init.o
 .comment       0x00000000       0x31 src/ASF/xmega/boards/xmega_a3bu_xplained/init.o
 .debug_frame   0x00000000       0x24 src/ASF/xmega/boards/xmega_a3bu_xplained/init.o
 .group         0x00000000        0x8 src/main.o
 .group         0x00000000        0x8 src/main.o
 .group         0x00000000        0x8 src/main.o
 .group         0x00000000        0x8 src/main.o
 .group         0x00000000        0x8 src/main.o
 .group         0x00000000        0x8 src/main.o
 .group         0x00000000        0x8 src/main.o
 .group         0x00000000        0x8 src/main.o
 .group         0x00000000        0x8 src/main.o
 .group         0x00000000        0x8 src/main.o
 .group         0x00000000        0x8 src/main.o
 .group         0x00000000        0x8 src/main.o
 .group         0x00000000        0x8 src/main.o
 .group         0x00000000        0x8 src/main.o
 .group         0x00000000        0x8 src/main.o
 .group         0x00000000        0x8 src/main.o
 .group         0x00000000        0x8 src/main.o
 .group         0x00000000        0x8 src/main.o
 .group         0x00000000        0x8 src/main.o
 .group         0x00000000        0x8 src/main.o
 .group         0x00000000        0x8 src/main.o
 .group         0x00000000        0x8 src/main.o
 .group         0x00000000        0x8 src/main.o
 .group         0x00000000        0x8 src/main.o
 .group         0x00000000        0x8 src/main.o
 .group         0x00000000        0x8 src/main.o
 .group         0x00000000        0x8 src/main.o
 .group         0x00000000        0x8 src/main.o
 .group         0x00000000        0x8 src/main.o
 .group         0x00000000        0x8 src/main.o
 .group         0x00000000        0x8 src/main.o
 .group         0x00000000        0x8 src/main.o
 .text          0x00000000        0x0 src/main.o
 .data          0x00000000        0x0 src/main.o
 .bss           0x00000000        0x0 src/main.o
 .text.WriteReg
                0x00000000        0x6 src/main.o
 .text.ReadReg  0x00000000        0x8 src/main.o
 .debug_macro   0x00000000      0xa96 src/main.o
 .debug_macro   0x00000000      0x708 src/main.o
 .debug_macro   0x00000000       0x10 src/main.o
 .debug_macro   0x00000000      0x1c9 src/main.o
 .debug_macro   0x00000000      0x2fc src/main.o
 .debug_macro   0x00000000       0x9e src/main.o
 .debug_macro   0x00000000     0x6271 src/main.o
 .debug_macro   0x00000000       0x9a src/main.o
 .debug_macro   0x00000000       0xf1 src/main.o
 .debug_macro   0x00000000       0x34 src/main.o
 .debug_macro   0x00000000       0x16 src/main.o
 .debug_macro   0x00000000       0x18 src/main.o
 .debug_macro   0x00000000       0x5e src/main.o
 .debug_macro   0x00000000       0x10 src/main.o
 .debug_macro   0x00000000       0x22 src/main.o
 .debug_macro   0x00000000      0x16d src/main.o
 .debug_macro   0x00000000       0x1c src/main.o
 .debug_macro   0x00000000       0x35 src/main.o
 .debug_macro   0x00000000       0x66 src/main.o
 .debug_macro   0x00000000       0x96 src/main.o
 .debug_macro   0x00000000       0x17 src/main.o
 .debug_macro   0x00000000      0x250 src/main.o
 .debug_macro   0x00000000       0x76 src/main.o
 .debug_macro   0x00000000       0x16 src/main.o
 .debug_macro   0x00000000      0x6d9 src/main.o
 .debug_macro   0x00000000       0x10 src/main.o
 .debug_macro   0x00000000      0x175 src/main.o
 .debug_macro   0x00000000       0x40 src/main.o
 .debug_macro   0x00000000       0xe4 src/main.o
 .debug_macro   0x00000000       0x69 src/main.o
 .debug_macro   0x00000000       0x31 src/main.o
 .text          0x00000000        0x0 c:/program files (x86)/atmel/studio/7.0/toolchain/avr8/avr8-gnu-toolchain/bin/../lib/gcc/avr/5.4.0/avrxmega6\libgcc.a(_exit.o)
 .data          0x00000000        0x0 c:/program files (x86)/atmel/studio/7.0/toolchain/avr8/avr8-gnu-toolchain/bin/../lib/gcc/avr/5.4.0/avrxmega6\libgcc.a(_exit.o)
 .bss           0x00000000        0x0 c:/program files (x86)/atmel/studio/7.0/toolchain/avr8/avr8-gnu-toolchain/bin/../lib/gcc/avr/5.4.0/avrxmega6\libgcc.a(_exit.o)
 .text.libgcc.mul
                0x00000000        0x0 c:/program files (x86)/atmel/studio/7.0/toolchain/avr8/avr8-gnu-toolchain/bin/../lib/gcc/avr/5.4.0/avrxmega6\libgcc.a(_exit.o)
 .text.libgcc.div
                0x00000000        0x0 c:/program files (x86)/atmel/studio/7.0/toolchain/avr8/avr8-gnu-toolchain/bin/../lib/gcc/avr/5.4.0/avrxmega6\libgcc.a(_exit.o)
 .text.libgcc   0x00000000        0x0 c:/program files (x86)/atmel/studio/7.0/toolchain/avr8/avr8-gnu-toolchain/bin/../lib/gcc/avr/5.4.0/avrxmega6\libgcc.a(_exit.o)
 .text.libgcc.prologue
                0x00000000        0x0 c:/program files (x86)/atmel/studio/7.0/toolchain/avr8/avr8-gnu-toolchain/bin/../lib/gcc/avr/5.4.0/avrxmega6\libgcc.a(_exit.o)
 .text.libgcc.builtins
                0x00000000        0x0 c:/program files (x86)/atmel/studio/7.0/toolchain/avr8/avr8-gnu-toolchain/bin/../lib/gcc/avr/5.4.0/avrxmega6\libgcc.a(_exit.o)
 .text.libgcc.fmul
                0x00000000        0x0 c:/program files (x86)/atmel/studio/7.0/toolchain/avr8/avr8-gnu-toolchain/bin/../lib/gcc/avr/5.4.0/avrxmega6\libgcc.a(_exit.o)
 .text.libgcc.fixed
                0x00000000        0x0 c:/program files (x86)/atmel/studio/7.0/toolchain/avr8/avr8-gnu-toolchain/bin/../lib/gcc/avr/5.4.0/avrxmega6\libgcc.a(_exit.o)
 .text          0x00000000        0x0 c:/program files (x86)/atmel/studio/7.0/toolchain/avr8/avr8-gnu-toolchain/bin/../lib/gcc/avr/5.4.0/avrxmega6\libgcc.a(_copy_data.o)
 .data          0x00000000        0x0 c:/program files (x86)/atmel/studio/7.0/toolchain/avr8/avr8-gnu-toolchain/bin/../lib/gcc/avr/5.4.0/avrxmega6\libgcc.a(_copy_data.o)
 .bss           0x00000000        0x0 c:/program files (x86)/atmel/studio/7.0/toolchain/avr8/avr8-gnu-toolchain/bin/../lib/gcc/avr/5.4.0/avrxmega6\libgcc.a(_copy_data.o)
 .text.libgcc.mul
                0x00000000        0x0 c:/program files (x86)/atmel/studio/7.0/toolchain/avr8/avr8-gnu-toolchain/bin/../lib/gcc/avr/5.4.0/avrxmega6\libgcc.a(_copy_data.o)
 .text.libgcc.div
                0x00000000        0x0 c:/program files (x86)/atmel/studio/7.0/toolchain/avr8/avr8-gnu-toolchain/bin/../lib/gcc/avr/5.4.0/avrxmega6\libgcc.a(_copy_data.o)
 .text.libgcc   0x00000000        0x0 c:/program files (x86)/atmel/studio/7.0/toolchain/avr8/avr8-gnu-toolchain/bin/../lib/gcc/avr/5.4.0/avrxmega6\libgcc.a(_copy_data.o)
 .text.libgcc.prologue
                0x00000000        0x0 c:/program files (x86)/atmel/studio/7.0/toolchain/avr8/avr8-gnu-toolchain/bin/../lib/gcc/avr/5.4.0/avrxmega6\libgcc.a(_copy_data.o)
 .text.libgcc.builtins
                0x00000000        0x0 c:/program files (x86)/atmel/studio/7.0/toolchain/avr8/avr8-gnu-toolchain/bin/../lib/gcc/avr/5.4.0/avrxmega6\libgcc.a(_copy_data.o)
 .text.libgcc.fmul
                0x00000000        0x0 c:/program files (x86)/atmel/studio/7.0/toolchain/avr8/avr8-gnu-toolchain/bin/../lib/gcc/avr/5.4.0/avrxmega6\libgcc.a(_copy_data.o)
 .text.libgcc.fixed
                0x00000000        0x0 c:/program files (x86)/atmel/studio/7.0/toolchain/avr8/avr8-gnu-toolchain/bin/../lib/gcc/avr/5.4.0/avrxmega6\libgcc.a(_copy_data.o)

Memory Configuration

Name             Origin             Length             Attributes
text             0x00000000         0x00100000         xr
data             0x00802000         0x0000ffa0         rw !x
eeprom           0x00810000         0x00010000         rw !x
fuse             0x00820000         0x00000006         rw !x
lock             0x00830000         0x00000400         rw !x
signature        0x00840000         0x00000400         rw !x
user_signatures  0x00850000         0x00000400         rw !x
*default*        0x00000000         0xffffffff

Linker script and memory map

LOAD C:/Program Files (x86)/Atmel/Studio/7.0/Packs/atmel/XMEGAA_DFP/1.1.68/gcc/dev/atxmega256a3bu/avrxmega6/crtatxmega256a3bu.o
LOAD src/ASF/common/services/ioport/xmega/ioport_compat.o
LOAD src/ASF/xmega/boards/xmega_a3bu_xplained/init.o
LOAD src/main.o
START GROUP
LOAD c:/program files (x86)/atmel/studio/7.0/toolchain/avr8/avr8-gnu-toolchain/bin/../lib/gcc/avr/5.4.0/../../../../avr/lib/avrxmega6\libm.a
END GROUP
Address of section .BOOT set to 0x40000
START GROUP
LOAD c:/program files (x86)/atmel/studio/7.0/toolchain/avr8/avr8-gnu-toolchain/bin/../lib/gcc/avr/5.4.0/avrxmega6\libgcc.a
LOAD c:/program files (x86)/atmel/studio/7.0/toolchain/avr8/avr8-gnu-toolchain/bin/../lib/gcc/avr/5.4.0/../../../../avr/lib/avrxmega6\libm.a
LOAD c:/program files (x86)/atmel/studio/7.0/toolchain/avr8/avr8-gnu-toolchain/bin/../lib/gcc/avr/5.4.0/../../../../avr/lib/avrxmega6\libc.a
LOAD C:/Program Files (x86)/Atmel/Studio/7.0/Packs/atmel/XMEGAA_DFP/1.1.68/gcc/dev/atxmega256a3bu/avrxmega6\libatxmega256a3bu.a
END GROUP
                0x00000000                __TEXT_REGION_ORIGIN__ = DEFINED (__TEXT_REGION_ORIGIN__)?__TEXT_REGION_ORIGIN__:0x0
                0x00802000                __DATA_REGION_ORIGIN__ = DEFINED (__DATA_REGION_ORIGIN__)?__DATA_REGION_ORIGIN__:0x802000
                0x00100000                __TEXT_REGION_LENGTH__ = DEFINED (__TEXT_REGION_LENGTH__)?__TEXT_REGION_LENGTH__:0x100000
                0x0000ffa0                __DATA_REGION_LENGTH__ = DEFINED (__DATA_REGION_LENGTH__)?__DATA_REGION_LENGTH__:0xffa0
                0x00010000                __EEPROM_REGION_LENGTH__ = DEFINED (__EEPROM_REGION_LENGTH__)?__EEPROM_REGION_LENGTH__:0x10000
                [0x00000006]                __FUSE_REGION_LENGTH__ = DEFINED (__FUSE_REGION_LENGTH__)?__FUSE_REGION_LENGTH__:0x400
                0x00000400                __LOCK_REGION_LENGTH__ = DEFINED (__LOCK_REGION_LENGTH__)?__LOCK_REGION_LENGTH__:0x400
                0x00000400                __SIGNATURE_REGION_LENGTH__ = DEFINED (__SIGNATURE_REGION_LENGTH__)?__SIGNATURE_REGION_LENGTH__:0x400
                0x00000400                __USER_SIGNATURE_REGION_LENGTH__ = DEFINED (__USER_SIGNATURE_REGION_LENGTH__)?__USER_SIGNATURE_REGION_LENGTH__:0x400

.hash
 *(.hash)

.dynsym
 *(.dynsym)

.dynstr
 *(.dynstr)

.gnu.version
 *(.gnu.version)

.gnu.version_d
 *(.gnu.version_d)

.gnu.version_r
 *(.gnu.version_r)

.rel.init
 *(.rel.init)

.rela.init
 *(.rela.init)

.rel.text
 *(.rel.text)
 *(.rel.text.*)
 *(.rel.gnu.linkonce.t*)

.rela.text
 *(.rela.text)
 *(.rela.text.*)
 *(.rela.gnu.linkonce.t*)

.rel.fini
 *(.rel.fini)

.rela.fini
 *(.rela.fini)

.rel.rodata
 *(.rel.rodata)
 *(.rel.rodata.*)
 *(.rel.gnu.linkonce.r*)

.rela.rodata
 *(.rela.rodata)
 *(.rela.rodata.*)
 *(.rela.gnu.linkonce.r*)

.rel.data
 *(.rel.data)
 *(.rel.data.*)
 *(.rel.gnu.linkonce.d*)

.rela.data
 *(.rela.data)
 *(.rela.data.*)
 *(.rela.gnu.linkonce.d*)

.rel.ctors
 *(.rel.ctors)

.rela.ctors
 *(.rela.ctors)

.rel.dtors
 *(.rel.dtors)

.rela.dtors
 *(.rela.dtors)

.rel.got
 *(.rel.got)

.rela.got
 *(.rela.got)

.rel.bss
 *(.rel.bss)

.rela.bss
 *(.rela.bss)

.rel.plt
 *(.rel.plt)

.rela.plt
 *(.rela.plt)

.text           0x00000000      0x426
 *(.vectors)
 .vectors       0x00000000      0x1fc C:/Program Files (x86)/Atmel/Studio/7.0/Packs/atmel/XMEGAA_DFP/1.1.68/gcc/dev/atxmega256a3bu/avrxmega6/crtatxmega256a3bu.o
                0x00000000                __vector_default
                0x00000000                __vectors
 *(.vectors)
 *(.progmem.gcc*)
                0x000001fc                . = ALIGN (0x2)
                0x000001fc                __trampolines_start = .
 *(.trampolines)
 .trampolines   0x000001fc        0x0 linker stubs
 *(.trampolines*)
                0x000001fc                __trampolines_end = .
 *libprintf_flt.a:*(.progmem.data)
 *libc.a:*(.progmem.data)
 *(.progmem*)
                0x000001fc                . = ALIGN (0x2)
 *(.jumptables)
 *(.jumptables*)
 *(.lowtext)
 *(.lowtext*)
                0x000001fc                __ctors_start = .
 *(.ctors)
                0x000001fc                __ctors_end = .
                0x000001fc                __dtors_start = .
 *(.dtors)
                0x000001fc                __dtors_end = .
 SORT(*)(.ctors)
 SORT(*)(.dtors)
 *(.init0)
 .init0         0x000001fc        0x0 C:/Program Files (x86)/Atmel/Studio/7.0/Packs/atmel/XMEGAA_DFP/1.1.68/gcc/dev/atxmega256a3bu/avrxmega6/crtatxmega256a3bu.o
                0x000001fc                __init
 *(.init0)
 *(.init1)
 *(.init1)
 *(.init2)
 .init2         0x000001fc       0x10 C:/Program Files (x86)/Atmel/Studio/7.0/Packs/atmel/XMEGAA_DFP/1.1.68/gcc/dev/atxmega256a3bu/avrxmega6/crtatxmega256a3bu.o
 *(.init2)
 *(.init3)
 *(.init3)
 *(.init4)
 .init4         0x0000020c       0x1a c:/program files (x86)/atmel/studio/7.0/toolchain/avr8/avr8-gnu-toolchain/bin/../lib/gcc/avr/5.4.0/avrxmega6\libgcc.a(_copy_data.o)
                0x0000020c                __do_copy_data
 *(.init4)
 *(.init5)
 *(.init5)
 *(.init6)
 *(.init6)
 *(.init7)
 *(.init7)
 *(.init8)
 *(.init8)
 *(.init9)
 .init9         0x00000226        0x4 C:/Program Files (x86)/Atmel/Studio/7.0/Packs/atmel/XMEGAA_DFP/1.1.68/gcc/dev/atxmega256a3bu/avrxmega6/crtatxmega256a3bu.o
 *(.init9)
 *(.text)
 .text          0x0000022a        0x2 C:/Program Files (x86)/Atmel/Studio/7.0/Packs/atmel/XMEGAA_DFP/1.1.68/gcc/dev/atxmega256a3bu/avrxmega6/crtatxmega256a3bu.o
                0x0000022a                __vector_38
                0x0000022a                __vector_104
                0x0000022a                __vector_22
                0x0000022a                __vector_63
                0x0000022a                __vector_28
                0x0000022a                __vector_67
                0x0000022a                __vector_1
                0x0000022a                __vector_119
                0x0000022a                __vector_32
                0x0000022a                __vector_75
                0x0000022a                __vector_71
                0x0000022a                __vector_91
                0x0000022a                __vector_34
                0x0000022a                __vector_62
                0x0000022a                __vector_77
                0x0000022a                __vector_102
                0x0000022a                __vector_24
                0x0000022a                __vector_12
                0x0000022a                __vector_55
                0x0000022a                __vector_69
                0x0000022a                __vector_81
                0x0000022a                __vector_90
                0x0000022a                __vector_46
                0x0000022a                __bad_interrupt
                0x0000022a                __vector_122
                0x0000022a                __vector_72
                0x0000022a                __vector_114
                0x0000022a                __vector_6
                0x0000022a                __vector_110
                0x0000022a                __vector_31
                0x0000022a                __vector_92
                0x0000022a                __vector_35
                0x0000022a                __vector_78
                0x0000022a                __vector_74
                0x0000022a                __vector_117
                0x0000022a                __vector_39
                0x0000022a                __vector_107
                0x0000022a                __vector_3
                0x0000022a                __vector_105
                0x0000022a                __vector_98
                0x0000022a                __vector_23
                0x0000022a                __vector_68
                0x0000022a                __vector_30
                0x0000022a                __vector_73
                0x0000022a                __vector_45
                0x0000022a                __vector_25
                0x0000022a                __vector_93
                0x0000022a                __vector_61
                0x0000022a                __vector_11
                0x0000022a                __vector_54
                0x0000022a                __vector_99
                0x0000022a                __vector_13
                0x0000022a                __vector_17
                0x0000022a                __vector_19
                0x0000022a                __vector_56
                0x0000022a                __vector_7
                0x0000022a                __vector_125
                0x0000022a                __vector_49
                0x0000022a                __vector_123
                0x0000022a                __vector_41
                0x0000022a                __vector_86
                0x0000022a                __vector_100
                0x0000022a                __vector_101
                0x0000022a                __vector_64
                0x0000022a                __vector_88
                0x0000022a                __vector_109
                0x0000022a                __vector_43
                0x0000022a                __vector_27
                0x0000022a                __vector_5
                0x0000022a                __vector_113
                0x0000022a                __vector_33
                0x0000022a                __vector_76
                0x0000022a                __vector_115
                0x0000022a                __vector_47
                0x0000022a                __vector_52
                0x0000022a                __vector_37
                0x0000022a                __vector_95
                0x0000022a                __vector_103
                0x0000022a                __vector_96
                0x0000022a                __vector_89
                0x0000022a                __vector_108
                0x0000022a                __vector_4
                0x0000022a                __vector_44
                0x0000022a                __vector_82
                0x0000022a                __vector_106
                0x0000022a                __vector_118
                0x0000022a                __vector_51
                0x0000022a                __vector_9
                0x0000022a                __vector_2
                0x0000022a                __vector_21
                0x0000022a                __vector_15
                0x0000022a                __vector_66
                0x0000022a                __vector_36
                0x0000022a                __vector_79
                0x0000022a                __vector_58
                0x0000022a                __vector_70
                0x0000022a                __vector_83
                0x0000022a                __vector_29
                0x0000022a                __vector_60
                0x0000022a                __vector_121
                0x0000022a                __vector_40
                0x0000022a                __vector_85
                0x0000022a                __vector_94
                0x0000022a                __vector_126
                0x0000022a                __vector_8
                0x0000022a                __vector_26
                0x0000022a                __vector_48
                0x0000022a                __vector_124
                0x0000022a                __vector_116
                0x0000022a                __vector_112
                0x0000022a                __vector_111
                0x0000022a                __vector_80
                0x0000022a                __vector_14
                0x0000022a                __vector_84
                0x0000022a                __vector_57
                0x0000022a                __vector_53
                0x0000022a                __vector_10
                0x0000022a                __vector_50
                0x0000022a                __vector_16
                0x0000022a                __vector_59
                0x0000022a                __vector_18
                0x0000022a                __vector_97
                0x0000022a                __vector_20
                0x0000022a                __vector_42
                0x0000022a                __vector_87
                0x0000022a                __vector_65
                0x0000022a                __vector_120
                0x0000022c                . = ALIGN (0x2)
 *(.text.*)
 .text.swStateCheck
                0x0000022c       0xae src/main.o
                0x0000022c                swStateCheck
 .text.toggleLED
                0x000002da       0x3a src/main.o
                0x000002da                toggleLED
 .text.initTimer
                0x00000314       0x1e src/main.o
                0x00000314                initTimer
 .text.counterDelay
                0x00000332       0x1e src/main.o
                0x00000332                counterDelay
 .text.repeatCounterDelay
                0x00000350       0x2a src/main.o
                0x00000350                repeatCounterDelay
 .text.blink    0x0000037a       0x6e src/main.o
                0x0000037a                blink
 .text.main     0x000003e8       0x3a src/main.o
                0x000003e8                main
                0x00000422                . = ALIGN (0x2)
 *(.fini9)
 .fini9         0x00000422        0x0 c:/program files (x86)/atmel/studio/7.0/toolchain/avr8/avr8-gnu-toolchain/bin/../lib/gcc/avr/5.4.0/avrxmega6\libgcc.a(_exit.o)
                0x00000422                _exit
                0x00000422                exit
 *(.fini9)
 *(.fini8)
 *(.fini8)
 *(.fini7)
 *(.fini7)
 *(.fini6)
 *(.fini6)
 *(.fini5)
 *(.fini5)
 *(.fini4)
 *(.fini4)
 *(.fini3)
 *(.fini3)
 *(.fini2)
 *(.fini2)
 *(.fini1)
 *(.fini1)
 *(.fini0)
 .fini0         0x00000422        0x4 c:/program files (x86)/atmel/studio/7.0/toolchain/avr8/avr8-gnu-toolchain/bin/../lib/gcc/avr/5.4.0/avrxmega6\libgcc.a(_exit.o)
 *(.fini0)
                0x00000426                _etext = .

.data           0x00802000       0x1a load address 0x00000426
                0x00802000                PROVIDE (__data_start, .)
 *(.data)
 *(.data*)
 .data.init.4349
                0x00802000        0x2 src/main.o
 .data.portInit.4345
                0x00802002        0x6 src/main.o
 *(.gnu.linkonce.d*)
 *(.rodata)
 .rodata        0x00802008       0x12 src/main.o
 *(.rodata*)
 *(.gnu.linkonce.r*)
                0x0080201a                . = ALIGN (0x2)
                0x0080201a                _edata = .
                0x0080201a                PROVIDE (__data_end, .)

.bss            0x0080201a        0x0
                [!provide]                PROVIDE (__bss_start, .)
 *(.bss)
 *(.bss*)
 *(COMMON)
                [!provide]                PROVIDE (__bss_end, .)
                0x00000426                __data_load_start = LOADADDR (.data)
                0x00000440                __data_load_end = (__data_load_start + SIZEOF (.data))

.noinit         0x0080201a        0x0
                [!provide]                PROVIDE (__noinit_start, .)
 *(.noinit*)
                [!provide]                PROVIDE (__noinit_end, .)
                0x0080201a                _end = .
                [!provide]                PROVIDE (__heap_start, .)

.eeprom         0x00810000        0x0
 *(.eeprom*)
                0x00810000                __eeprom_end = .

.fuse
 *(.fuse)
 *(.lfuse)
 *(.hfuse)
 *(.efuse)

.lock
 *(.lock*)

.signature
 *(.signature*)

.user_signatures
 *(.user_signatures*)

.stab
 *(.stab)

.stabstr
 *(.stabstr)

.stab.excl
 *(.stab.excl)

.stab.exclstr
 *(.stab.exclstr)

.stab.index
 *(.stab.index)

.stab.indexstr
 *(.stab.indexstr)

.comment        0x00000000       0x30
 *(.comment)
 .comment       0x00000000       0x30 src/main.o
                                 0x31 (size before relaxing)

.note.gnu.avr.deviceinfo
                0x00000000       0x44
 .note.gnu.avr.deviceinfo
                0x00000000       0x44 C:/Program Files (x86)/Atmel/Studio/7.0/Packs/atmel/XMEGAA_DFP/1.1.68/gcc/dev/atxmega256a3bu/avrxmega6/crtatxmega256a3bu.o

.note.gnu.build-id
 *(.note.gnu.build-id)

.debug
 *(.debug)

.line
 *(.line)

.debug_srcinfo
 *(.debug_srcinfo)

.debug_sfnames
 *(.debug_sfnames)

.debug_aranges  0x00000000       0x60
 *(.debug_aranges)
 .debug_aranges
                0x00000000       0x60 src/main.o

.debug_pubnames
 *(.debug_pubnames)

.debug_info     0x00000000     0x3920
 *(.debug_info .gnu.linkonce.wi.*)
 .debug_info    0x00000000     0x3379 C:/Program Files (x86)/Atmel/Studio/7.0/Packs/atmel/XMEGAA_DFP/1.1.68/gcc/dev/atxmega256a3bu/avrxmega6/crtatxmega256a3bu.o
 .debug_info    0x00003379      0x5a7 src/main.o

.debug_abbrev   0x00000000     0x328d
 *(.debug_abbrev)
 .debug_abbrev  0x00000000     0x30c4 C:/Program Files (x86)/Atmel/Studio/7.0/Packs/atmel/XMEGAA_DFP/1.1.68/gcc/dev/atxmega256a3bu/avrxmega6/crtatxmega256a3bu.o
 .debug_abbrev  0x000030c4      0x1c9 src/main.o

.debug_line     0x00000000      0x938
 *(.debug_line .debug_line.* .debug_line_end)
 .debug_line    0x00000000      0x39d C:/Program Files (x86)/Atmel/Studio/7.0/Packs/atmel/XMEGAA_DFP/1.1.68/gcc/dev/atxmega256a3bu/avrxmega6/crtatxmega256a3bu.o
 .debug_line    0x0000039d      0x59b src/main.o

.debug_frame    0x00000000      0x108
 *(.debug_frame)
 .debug_frame   0x00000000      0x108 src/main.o

.debug_str      0x00000000    0x2b0c6
 *(.debug_str)
 .debug_str     0x00000000     0x21e4 C:/Program Files (x86)/Atmel/Studio/7.0/Packs/atmel/XMEGAA_DFP/1.1.68/gcc/dev/atxmega256a3bu/avrxmega6/crtatxmega256a3bu.o
 .debug_str     0x000021e4    0x28ee2 src/main.o
                              0x29520 (size before relaxing)

.debug_loc      0x00000000      0x584
 *(.debug_loc)
 .debug_loc     0x00000000      0x584 src/main.o

.debug_macinfo
 *(.debug_macinfo)

.debug_weaknames
 *(.debug_weaknames)

.debug_funcnames
 *(.debug_funcnames)

.debug_typenames
 *(.debug_typenames)

.debug_varnames
 *(.debug_varnames)

.debug_pubtypes
 *(.debug_pubtypes)

.debug_ranges   0x00000000       0x50
 *(.debug_ranges)
 .debug_ranges  0x00000000       0x50 src/main.o

.debug_macro    0x00000000      0x216
 *(.debug_macro)
 .debug_macro   0x00000000      0x176 src/main.o
 .debug_macro   0x00000176       0xa0 src/main.o
OUTPUT(switchedFlashingLED.elf elf32-avr)
LOAD linker stubs

.BOOT           0x00040000        0x0
